// Jest Snapshot v1, https://goo.gl/fbAQLP

exports[`<Card /> snapshot matches expected 1`] = `
<div
  className="Card"
>
  <button
    onClick={[Function]}
    type="button"
  >
    delete
  </button>
  <h3>
    my title
  </h3>
  <p>
    stuff
  </p>
</div>
`;
